creating send socket
resource(6) of type (Socket)
creating receive socket
resource(7) of type (Socket)
bool(true)

Notice: Use of undefined constant SO_PASSCRED - assumed 'SO_PASSCRED' in /Users/Ingwie/Work/drag0n-php/ext/sockets/tests/socket_cmsg_credentials.php on line 18

Warning: socket_set_option() expects parameter 3 to be long, string given in /Users/Ingwie/Work/drag0n-php/ext/sockets/tests/socket_cmsg_credentials.php on line 18
could not set SO_PASSCRED