__get nonExisting

Notice: Undefined property: Test::$nonExisting in /Users/Ingwie/Work/drag0n-php/tests/classes/bug63462.php on line 17
__get publicProperty

Notice: Undefined property: Test::$publicProperty in /Users/Ingwie/Work/drag0n-php/tests/classes/bug63462.php on line 17
__get protectedProperty

Notice: Undefined property: Test::$protectedProperty in /Users/Ingwie/Work/drag0n-php/tests/classes/bug63462.php on line 17
__get privateProperty

Notice: Undefined property: Test::$privateProperty in /Users/Ingwie/Work/drag0n-php/tests/classes/bug63462.php on line 17
__isset nonExisting
__isset publicProperty
__isset protectedProperty
__isset privateProperty
__set nonExisting
__set publicProperty
__set protectedProperty
__set privateProperty