Warning: Zend OPcache can't be temporary enabled (it may be only disabled till the end of request) in Unknown on line 0
string(11) "called_func"
array(1) {
  [0]=>
  string(8) "argument"
}