Warning: Zend OPcache can't be temporary enabled (it may be only disabled till the end of request) in Unknown on line 0
string:string(8) "mystring"
long:int(10)
double:float(1.19)
null:NULL
boolean:bool(true)