Setting IPV6_MULTICAST_TTL
bool(true)
int(9)

Setting IPV6_MULTICAST_LOOP
bool(true)
int(0)
bool(true)
int(1)

Setting IPV6_MULTICAST_IF
interface 0:

Warning: socket_set_option(): unable to set socket option [49]: Can't assign requested address in /Users/Ingwie/Work/drag0n-php/ext/sockets/tests/mcast_ipv6_send.php on line 26
bool(false)
int(0)
interface 1:
bool(true)
int(1)