Warning: socket_bind(): unable to bind address [48]: Address already in use in /Users/Ingwie/Work/drag0n-php/ext/sockets/tests/socket_getpeername_ipv4loop.php on line 14
Unable to bind to 127.0.0.1:31337