creating send socket
resource(6) of type (Socket)
creating receive socket
resource(7) of type (Socket)
bool(true)
int(11)
array(3) {
  ["name"]=>
  array(0) {
  }
  ["buffer_size"]=>
  int(2000)
  ["controllen"]=>
  int(24)
}

Warning: socket_recvmsg(): error converting native data (path: msghdr > control > element #1 > data): error creating resource for received file descriptor 97: fstat() call failed with errno 9 in /Users/Ingwie/Work/drag0n-php/ext/sockets/tests/socket_cmsg_rights.php on line 39