Warning: Zend OPcache can't be temporary enabled (it may be only disabled till the end of request) in Unknown on line 0
Y-m-d\TH:i:sO