Warning: Zend OPcache can't be temporary enabled (it may be only disabled till the end of request) in Unknown on line 0
Work Object
(
)
object(Work)#3 (0) {
}
resource(2) of type (stream)
resource(2) of type (stream)