Warning: Zend OPcache can't be temporary enabled (it may be only disabled till the end of request) in Unknown on line 0
bool(true)
bool(true)
bool(true)
bool(false)
bool(false)
bool(false)
bool(true)
bool(false)
bool(true)