Notice: Use of undefined constant TEST - assumed 'TEST' in /Users/Ingwie/Work/drag0n-php/Zend/tests/bug63336.php on line 14

Strict Standards: Declaration of Child::foo() should be compatible with Base::foo($var = 'TEST', $more = NULL) in /Users/Ingwie/Work/drag0n-php/Zend/tests/bug63336.php on line 14

Strict Standards: Declaration of Child::bar() should be compatible with Base::bar($more = 'XXX') in /Users/Ingwie/Work/drag0n-php/Zend/tests/bug63336.php on line 14