string(47) "Sunday, January 1, 2012 at 5:12:00 AM GMT+05:12"
string(47) "Sunday, January 1, 2012 at 5:12:00 AM GMT+05:12"
string(48) "Sunday, Tevet 6, 5772 AM at 5:12:00 AM GMT+05:12"

Warning: IntlDateFormatter::__construct(): datefmt_create: invalid value for calendar type; it must be one of IntlDateFormatter::TRADITIONAL (locale's default calendar) or IntlDateFormatter::GREGORIAN. Alternatively, it can be an IntlCalendar object in /Users/Ingwie/Work/drag0n-php/ext/intl/tests/dateformat_calendars.php on line 27
==DONE==