sábado, 31 de diciembre de 2011 23:00:00 Hora estándar de las Azores
domingo, 1 de enero de 2012 01:00:00 Hora estándar de Europa central
domingo, 1 de enero de 2012 00:00:00 Hora estándar de Europa occidental
sábado, 31 de diciembre de 2011 19:00:00 Hora estándar oriental
domingo, 1 de enero de 2012 01:00:00 Hora estándar de Europa central
domingo, 1 de enero de 2012 00:00:00 Hora estándar de Europa occidental
domingo, 1 de enero de 2012 01:00:00 Hora estándar de Europa central