Warning: IntlDateFormatter::setTimeZoneId(): datefmt_set_timezone: no such time zone: 'CN' in /Users/Ingwie/Work/drag0n-php/ext/intl/tests/ut_common.inc on line 358

Warning: datefmt_set_timezone_id(): datefmt_set_timezone: no such time zone: 'CN' in /Users/Ingwie/Work/drag0n-php/ext/intl/tests/ut_common.inc on line 358

After creation of the dateformatter :  timezone_id= US/Pacific
-----------
Trying to set timezone_id= America/New_York
After call to set_timezone_id :  timezone_id= America/New_York
Formatting timestamp=0 resulted in  Wednesday, December 31, 1969 at 7:00:00 PM Eastern Standard Time
Formatting timestamp=3600 resulted in  Wednesday, December 31, 1969 at 8:00:00 PM Eastern Standard Time
-----------
Trying to set timezone_id= America/Los_Angeles
After call to set_timezone_id :  timezone_id= America/Los_Angeles
Formatting timestamp=0 resulted in  Wednesday, December 31, 1969 at 4:00:00 PM Pacific Standard Time
Formatting timestamp=3600 resulted in  Wednesday, December 31, 1969 at 5:00:00 PM Pacific Standard Time
-----------
Trying to set timezone_id= America/Chicago
After call to set_timezone_id :  timezone_id= America/Chicago
Formatting timestamp=0 resulted in  Wednesday, December 31, 1969 at 6:00:00 PM Central Standard Time
Formatting timestamp=3600 resulted in  Wednesday, December 31, 1969 at 7:00:00 PM Central Standard Time
-----------
Trying to set timezone_id= CN
After call to set_timezone_id :  timezone_id= America/Chicago
Formatting timestamp=0 resulted in  Wednesday, December 31, 1969 at 6:00:00 PM Central Standard Time
Formatting timestamp=3600 resulted in  Wednesday, December 31, 1969 at 7:00:00 PM Central Standard Time