SoapFault
SOAP-ERROR: Parsing WSDL: Couldn't find <definitions> in 'http://i_dont_exist.com/some.wsdl'
ok